[localhost/ecom_test/index.html]
[backblue.gif]
[fade.gif]
[index.html]
[localhost/ecom_test/wp-includes/js/jquery/jquery.minf43b.js]
[localhost/ecom_test/wp-includes/js/jquery/jquery-migrate.min5589.js]
[localhost/ecom_test/wp-content/plugins/yaymail/assets/scripts/noticef39e.js]
[localhost/ecom_test/wp-content/plugins/woocommerce/assets/js/jquery-blockui/jquery.blockUI.mina535.js]
[localhost/ecom_test/comments/feed/index.html]
[localhost/ecom_test/wp-content/plugins/woocommerce/assets/js/frontend/add-to-cart.min519f.js]
[localhost/ecom_test/feed/index.html]
[localhost/ecom_test/wp-content/plugins/woocommerce/assets/js/js-cookie/js.cookie.min6761.js]
[localhost/ecom_test/wp-content/plugins/woocommerce/assets/js/frontend/woocommerce.min519f.js]
[localhost/ecom_test/wp-content/plugins/woocommerce/assets/js/frontend/cart-fragments.min519f.js]
[localhost/ecom_test/wp-content/plugins/woocommerce/assets/js/flexslider/jquery.flexslider.mindbc3.js]
[localhost/ecom_test/wp-json/wp/v2/pages/10.json]
[localhost/ecom_test/wp-json/index.html]
[localhost/ecom_test/xmlrpc0db0.php]
[localhost/ecom_test/wp-json/oembed/1.0/embed1456.json]
[localhost/ecom_test/wp-json/oembed/1.0/embed0518]
[localhost/ecom_test/wp-content/cache/seraphinite-accelerator/s/m/d/css/37c80e94f51013b7e0681853a73f56b6.2efb.css]
[localhost/ecom_test/wp-content/cache/seraphinite-accelerator/s/m/d/css/74355a87ed510dee12c2d33a7aa3028e.70e1.css]
[localhost/ecom_test/wp-content/cache/seraphinite-accelerator/s/m/d/css/1391a6c832e0e4da87c30feb03a20eec.356b.css]
[localhost/ecom_test/wp-content/cache/seraphinite-accelerator/s/m/d/css/5db95e3c7eb4b3a48f4823ff4485b59e.39.css]
[localhost/ecom_test/wp-content/cache/seraphinite-accelerator/s/m/d/css/3e3c5d4673106fe55c22a3e1919ec18d.8b7.css]
[localhost/ecom_test/wp-content/themes/blocksy/static/fonts/stars.woff2]
[localhost/ecom_test/wp-content/cache/seraphinite-accelerator/s/m/d/css/534b4cabe64595fbb1c3c0b37d2fcb70.a3f7.css]
[localhost/ecom_test/wp-content/themes/blocksy/static/fonts/woo.woff2]
[localhost/ecom_test/wp-content/cache/seraphinite-accelerator/s/m/d/css/d602025644400bdcecaa05b40b34df0e.e982.css]
[localhost/ecom_test/wp-content/cache/seraphinite-accelerator/s/m/d/css/f5c9138233f19b8c97c24fd5c4206e4d.4e0.css]
[localhost/ecom_test/wp-content/cache/seraphinite-accelerator/s/m/d/css/56055f766cd6438d27df85b3b0206d38.4c4.css]
[localhost/ecom_test/wp-content/cache/seraphinite-accelerator/s/m/d/css/d6b97f3352faa59f9a2f086b11bf1f05.411.css]
[localhost/ecom_test/wp-content/cache/seraphinite-accelerator/s/m/d/css/698a55fcf8767d36e0b2d0b894d69018.859.css]
[localhost/ecom_test/wp-content/cache/seraphinite-accelerator/s/m/d/css/b6552a76b5205e2ea4e49ab0119fc961.795.css]
[localhost/ecom_test/wp-content/cache/seraphinite-accelerator/s/m/d/css/01b5dffe53d6bb60dfef61eb62697fc3.ae67.css]
[localhost/ecom_test/wp-content/cache/seraphinite-accelerator/s/m/d/css/d8c9aef582c008d256436e6b799f6dc8.158.css]
[localhost/ecom_test/wp-content/cache/seraphinite-accelerator/s/m/d/css/c3be9e612baf8fc4af612de8af4c0864.230.css]
[localhost/ecom_test/wp-content/cache/seraphinite-accelerator/s/m/d/css/c84024c503ea58edcdaff8e382601477.23c1.css]
[localhost/ecom_test/wp-content/cache/seraphinite-accelerator/s/m/d/css/d4d47557d7b14eb108b28ba66a31f43c.d12.css]
[localhost/ecom_test/wp-content/plugins/elementor/assets/lib/font-awesome/webfonts/fa-brands-400.eot]
[localhost/ecom_test/wp-content/plugins/elementor/assets/lib/font-awesome/webfonts/fa-brands-400.woff2]
[localhost/ecom_test/wp-content/plugins/elementor/assets/lib/font-awesome/webfonts/fa-brands-400d41d.eot]
[localhost/ecom_test/wp-content/plugins/elementor/assets/lib/font-awesome/webfonts/fa-brands-400.woff]
[localhost/ecom_test/wp-content/plugins/elementor/assets/lib/font-awesome/webfonts/fa-brands-400.ttf]
[localhost/ecom_test/wp-content/plugins/elementor/assets/lib/font-awesome/webfonts/fa-regular-400.eot]
[localhost/ecom_test/wp-content/plugins/elementor/assets/lib/font-awesome/webfonts/fa-regular-400.woff2]
[localhost/ecom_test/wp-content/plugins/elementor/assets/lib/font-awesome/webfonts/fa-regular-400d41d.eot]
[localhost/ecom_test/wp-content/plugins/elementor/assets/lib/font-awesome/webfonts/fa-regular-400.woff]
[localhost/ecom_test/wp-content/plugins/elementor/assets/lib/font-awesome/webfonts/fa-regular-400.ttf]
[localhost/ecom_test/wp-content/plugins/elementor/assets/lib/font-awesome/webfonts/fa-solid-900.eot]
[localhost/ecom_test/wp-content/plugins/elementor/assets/lib/font-awesome/webfonts/fa-solid-900.woff2]
[localhost/ecom_test/wp-content/plugins/elementor/assets/lib/font-awesome/webfonts/fa-solid-900d41d.eot]
[localhost/ecom_test/wp-content/plugins/elementor/assets/lib/font-awesome/webfonts/fa-solid-900.woff]
[localhost/ecom_test/wp-content/plugins/elementor/assets/lib/font-awesome/webfonts/fa-solid-900.ttf]
[localhost/ecom_test/wp-content/cache/seraphinite-accelerator/s/m/d/css/4f43ab85d1ef66ad68b2c4a3a7be558b.d3b3.css]
[localhost/ecom_test/wp-content/cache/seraphinite-accelerator/s/m/d/css/8b8fcc0d56bd0d26f596d79ee16553e7.14c7.css]
[localhost/ecom_test/wp-content/uploads/2025/05/cropped-image-of-basketball-player-playing-basketb-2022-12-16-20-45-01-utc-1.jpg]
[localhost/ecom_test/wp-content/uploads/2025/05/handsome-young-man-cycling-on-the-road-2022-12-15-18-18-17-utc-3.jpg]
[localhost/ecom_test/wp-content/uploads/2025/05/fit-swimmer-training-in-the-swimming-pool-2022-02-02-05-05-55-utc-3.jpg]
[localhost/ecom_test/wp-content/uploads/2025/05/athlete-s-sports-shoes-on-a-dirt-track-2021-08-26-19-58-08-utc-3.jpg]
[localhost/ecom_test/wp-content/uploads/2025/05/oh__img133.min_-scaled.png]
[localhost/ecom_test/wp-content/uploads/2025/05/woman-dry-cleaning-operator-spraying-solvent-on-di-2023-07-04-00-07-45-utc-1.jpg]
[localhost/ecom_test/wp-content/cache/seraphinite-accelerator/s/m/d/css/36250176e74955fbd2f2c9937e3d207e.10b5.css]
[localhost/ecom_test/wp-content/cache/seraphinite-accelerator/s/m/d/css/9c0913b306e6dd4ee9f82ef7ad8eea5d.a9.css]
[localhost/ecom_test/wp-content/uploads/elementor/google-fonts/fonts/poppins-pxiayp8kv8jhgfvrjjlme0tdmpkzsq.woff2]
[localhost/ecom_test/wp-content/uploads/elementor/google-fonts/fonts/poppins-pxiayp8kv8jhgfvrjjlme0tmmpkzsq.woff2]
[localhost/ecom_test/wp-content/uploads/elementor/google-fonts/fonts/poppins-pxiayp8kv8jhgfvrjjlme0tcmpi.woff2]
[localhost/ecom_test/wp-content/uploads/elementor/google-fonts/fonts/poppins-pxidyp8kv8jhgfvrjjlmv1pvfteoceg.woff2]
[localhost/ecom_test/wp-content/uploads/elementor/google-fonts/fonts/poppins-pxidyp8kv8jhgfvrjjlmv1pvgdeoceg.woff2]
[localhost/ecom_test/wp-content/uploads/elementor/google-fonts/fonts/poppins-pxidyp8kv8jhgfvrjjlmv1pvf9eo.woff2]
[localhost/ecom_test/wp-content/uploads/elementor/google-fonts/fonts/poppins-pxidyp8kv8jhgfvrjjlm21lvfteoceg.woff2]
[localhost/ecom_test/wp-content/uploads/elementor/google-fonts/fonts/poppins-pxidyp8kv8jhgfvrjjlm21lvgdeoceg.woff2]
[localhost/ecom_test/wp-content/uploads/elementor/google-fonts/fonts/poppins-pxidyp8kv8jhgfvrjjlm21lvf9eo.woff2]
[localhost/ecom_test/wp-content/uploads/elementor/google-fonts/fonts/poppins-pxigyp8kv8jhgfvrjjlucxtakpy.woff2]
[localhost/ecom_test/wp-content/uploads/elementor/google-fonts/fonts/poppins-pxigyp8kv8jhgfvrjjlufntakpy.woff2]
[localhost/ecom_test/wp-content/uploads/elementor/google-fonts/fonts/poppins-pxigyp8kv8jhgfvrjjluchta.woff2]
[localhost/ecom_test/wp-content/uploads/elementor/google-fonts/fonts/poppins-pxidyp8kv8jhgfvrjjlmg1hvfteoceg.woff2]
[localhost/ecom_test/wp-content/uploads/elementor/google-fonts/fonts/poppins-pxidyp8kv8jhgfvrjjlmg1hvgdeoceg.woff2]
[localhost/ecom_test/wp-content/uploads/elementor/google-fonts/fonts/poppins-pxidyp8kv8jhgfvrjjlmg1hvf9eo.woff2]
[localhost/ecom_test/wp-content/uploads/elementor/google-fonts/fonts/poppins-pxidyp8kv8jhgfvrjjlmr19vfteoceg.woff2]
[localhost/ecom_test/wp-content/uploads/elementor/google-fonts/fonts/poppins-pxidyp8kv8jhgfvrjjlmr19vgdeoceg.woff2]
[localhost/ecom_test/wp-content/uploads/elementor/google-fonts/fonts/poppins-pxidyp8kv8jhgfvrjjlmr19vf9eo.woff2]
[localhost/ecom_test/wp-content/uploads/elementor/google-fonts/fonts/poppins-pxidyp8kv8jhgfvrjjlmy15vfteoceg.woff2]
[localhost/ecom_test/wp-content/uploads/elementor/google-fonts/fonts/poppins-pxidyp8kv8jhgfvrjjlmy15vgdeoceg.woff2]
[localhost/ecom_test/wp-content/uploads/elementor/google-fonts/fonts/poppins-pxidyp8kv8jhgfvrjjlmy15vf9eo.woff2]
[localhost/ecom_test/wp-content/uploads/elementor/google-fonts/fonts/poppins-pxidyp8kv8jhgfvrjjlm111vfteoceg.woff2]
[localhost/ecom_test/wp-content/uploads/elementor/google-fonts/fonts/poppins-pxidyp8kv8jhgfvrjjlm111vgdeoceg.woff2]
[localhost/ecom_test/wp-content/uploads/elementor/google-fonts/fonts/poppins-pxidyp8kv8jhgfvrjjlm111vf9eo.woff2]
[localhost/ecom_test/wp-content/uploads/elementor/google-fonts/fonts/poppins-pxidyp8kv8jhgfvrjjlm81xvfteoceg.woff2]
[localhost/ecom_test/wp-content/uploads/elementor/google-fonts/fonts/poppins-pxidyp8kv8jhgfvrjjlm81xvgdeoceg.woff2]
[localhost/ecom_test/wp-content/uploads/elementor/google-fonts/fonts/poppins-pxidyp8kv8jhgfvrjjlm81xvf9eo.woff2]
[localhost/ecom_test/wp-content/uploads/elementor/google-fonts/fonts/poppins-pxigyp8kv8jhgfvrlptucxtakpy.woff2]
[localhost/ecom_test/wp-content/uploads/elementor/google-fonts/fonts/poppins-pxigyp8kv8jhgfvrlptufntakpy.woff2]
[localhost/ecom_test/wp-content/uploads/elementor/google-fonts/fonts/poppins-pxigyp8kv8jhgfvrlptuchta.woff2]
[localhost/ecom_test/wp-content/uploads/elementor/google-fonts/fonts/poppins-pxibyp8kv8jhgfvrlfj_z11lfc-k.woff2]
[localhost/ecom_test/wp-content/uploads/elementor/google-fonts/fonts/poppins-pxibyp8kv8jhgfvrlfj_z1jlfc-k.woff2]
[localhost/ecom_test/wp-content/uploads/elementor/google-fonts/fonts/poppins-pxibyp8kv8jhgfvrlfj_z1xlfq.woff2]
[localhost/ecom_test/wp-content/uploads/elementor/google-fonts/fonts/poppins-pxibyp8kv8jhgfvrldz8z11lfc-k.woff2]
[localhost/ecom_test/wp-content/uploads/elementor/google-fonts/fonts/poppins-pxibyp8kv8jhgfvrldz8z1jlfc-k.woff2]
[localhost/ecom_test/wp-content/uploads/elementor/google-fonts/fonts/poppins-pxibyp8kv8jhgfvrldz8z1xlfq.woff2]
[localhost/ecom_test/wp-content/uploads/elementor/google-fonts/fonts/poppins-pxieyp8kv8jhgfvrjjbecmne.woff2]
[localhost/ecom_test/wp-content/uploads/elementor/google-fonts/fonts/poppins-pxieyp8kv8jhgfvrjjnecmne.woff2]
[localhost/ecom_test/wp-content/uploads/elementor/google-fonts/fonts/poppins-pxieyp8kv8jhgfvrjjfecg.woff2]
[localhost/ecom_test/wp-content/uploads/elementor/google-fonts/fonts/poppins-pxibyp8kv8jhgfvrlgt9z11lfc-k.woff2]
[localhost/ecom_test/wp-content/uploads/elementor/google-fonts/fonts/poppins-pxibyp8kv8jhgfvrlgt9z1jlfc-k.woff2]
[localhost/ecom_test/wp-content/uploads/elementor/google-fonts/fonts/poppins-pxibyp8kv8jhgfvrlgt9z1xlfq.woff2]
[localhost/ecom_test/wp-content/uploads/elementor/google-fonts/fonts/poppins-pxibyp8kv8jhgfvrlej6z11lfc-k.woff2]
[localhost/ecom_test/wp-content/uploads/elementor/google-fonts/fonts/poppins-pxibyp8kv8jhgfvrlej6z1jlfc-k.woff2]
[localhost/ecom_test/wp-content/uploads/elementor/google-fonts/fonts/poppins-pxibyp8kv8jhgfvrlej6z1xlfq.woff2]
[localhost/ecom_test/wp-content/uploads/elementor/google-fonts/fonts/poppins-pxibyp8kv8jhgfvrlcz7z11lfc-k.woff2]
[localhost/ecom_test/wp-content/uploads/elementor/google-fonts/fonts/poppins-pxibyp8kv8jhgfvrlcz7z1jlfc-k.woff2]
[localhost/ecom_test/wp-content/uploads/elementor/google-fonts/fonts/poppins-pxibyp8kv8jhgfvrlcz7z1xlfq.woff2]
[localhost/ecom_test/wp-content/uploads/elementor/google-fonts/fonts/poppins-pxibyp8kv8jhgfvrldd4z11lfc-k.woff2]
[localhost/ecom_test/wp-content/uploads/elementor/google-fonts/fonts/poppins-pxibyp8kv8jhgfvrldd4z1jlfc-k.woff2]
[localhost/ecom_test/wp-content/uploads/elementor/google-fonts/fonts/poppins-pxibyp8kv8jhgfvrldd4z1xlfq.woff2]
[localhost/ecom_test/wp-content/uploads/elementor/google-fonts/fonts/poppins-pxibyp8kv8jhgfvrlbt5z11lfc-k.woff2]
[localhost/ecom_test/wp-content/uploads/elementor/google-fonts/fonts/poppins-pxibyp8kv8jhgfvrlbt5z1jlfc-k.woff2]
[localhost/ecom_test/wp-content/uploads/elementor/google-fonts/fonts/poppins-pxibyp8kv8jhgfvrlbt5z1xlfq.woff2]
[localhost/ecom_test/wp-content/uploads/elementor/google-fonts/fonts/robotoslab-bngmuxzytxpivibgjjsb6ufa5qw54a.woff2]
[localhost/ecom_test/wp-content/uploads/elementor/google-fonts/fonts/robotoslab-bngmuxzytxpivibgjjsb6ufj5qw54a.woff2]
[localhost/ecom_test/wp-content/uploads/elementor/google-fonts/fonts/robotoslab-bngmuxzytxpivibgjjsb6ufb5qw54a.woff2]
[localhost/ecom_test/wp-content/uploads/elementor/google-fonts/fonts/robotoslab-bngmuxzytxpivibgjjsb6ufo5qw54a.woff2]
[localhost/ecom_test/wp-content/uploads/elementor/google-fonts/fonts/robotoslab-bngmuxzytxpivibgjjsb6ufc5qw54a.woff2]
[localhost/ecom_test/wp-content/uploads/elementor/google-fonts/fonts/robotoslab-bngmuxzytxpivibgjjsb6ufd5qw54a.woff2]
[localhost/ecom_test/wp-content/uploads/elementor/google-fonts/fonts/robotoslab-bngmuxzytxpivibgjjsb6ufn5qu.woff2]
[localhost/ecom_test/wp-content/uploads/elementor/google-fonts/fonts/roboto-kfo5cnqeu92fr1mu53zec9_vu3r1gihoszmkc3kawzu.woff2]
[localhost/ecom_test/wp-content/uploads/elementor/google-fonts/fonts/roboto-kfo5cnqeu92fr1mu53zec9_vu3r1gihoszmkankawzu.woff2]
[localhost/ecom_test/wp-content/uploads/elementor/google-fonts/fonts/roboto-kfo5cnqeu92fr1mu53zec9_vu3r1gihoszmkcnkawzu.woff2]
[localhost/ecom_test/wp-content/uploads/elementor/google-fonts/fonts/roboto-kfo5cnqeu92fr1mu53zec9_vu3r1gihoszmkbxkawzu.woff2]
[localhost/ecom_test/wp-content/uploads/elementor/google-fonts/fonts/roboto-kfo5cnqeu92fr1mu53zec9_vu3r1gihoszmkenkawzu.woff2]
[localhost/ecom_test/wp-content/uploads/elementor/google-fonts/fonts/roboto-kfo5cnqeu92fr1mu53zec9_vu3r1gihoszmkahkawzu.woff2]
[localhost/ecom_test/wp-content/uploads/elementor/google-fonts/fonts/roboto-kfo5cnqeu92fr1mu53zec9_vu3r1gihoszmkcxkawzu.woff2]
[localhost/ecom_test/wp-content/uploads/elementor/google-fonts/fonts/roboto-kfo5cnqeu92fr1mu53zec9_vu3r1gihoszmkchkawzu.woff2]
[localhost/ecom_test/wp-content/uploads/elementor/google-fonts/fonts/roboto-kfo5cnqeu92fr1mu53zec9_vu3r1gihoszmkbnka.woff2]
[localhost/ecom_test/wp-content/uploads/elementor/google-fonts/fonts/roboto-kfo7cnqeu92fr1me7ksn66agldtyluama3gubgee.woff2]
[localhost/ecom_test/wp-content/uploads/elementor/google-fonts/fonts/roboto-kfo7cnqeu92fr1me7ksn66agldtyluama3iubgee.woff2]
[localhost/ecom_test/wp-content/uploads/elementor/google-fonts/fonts/roboto-kfo7cnqeu92fr1me7ksn66agldtyluama3cubgee.woff2]
[localhost/ecom_test/wp-content/uploads/elementor/google-fonts/fonts/roboto-kfo7cnqeu92fr1me7ksn66agldtyluama3-ubgee.woff2]
[localhost/ecom_test/wp-content/uploads/elementor/google-fonts/fonts/roboto-kfo7cnqeu92fr1me7ksn66agldtyluamawcubgee.woff2]
[localhost/ecom_test/wp-content/uploads/elementor/google-fonts/fonts/roboto-kfo7cnqeu92fr1me7ksn66agldtyluamaxkubgee.woff2]
[localhost/ecom_test/wp-content/uploads/elementor/google-fonts/fonts/roboto-kfo7cnqeu92fr1me7ksn66agldtyluama3oubgee.woff2]
[localhost/ecom_test/wp-content/uploads/elementor/google-fonts/fonts/roboto-kfo7cnqeu92fr1me7ksn66agldtyluama3kubgee.woff2]
[localhost/ecom_test/wp-content/uploads/elementor/google-fonts/fonts/roboto-kfo7cnqeu92fr1me7ksn66agldtyluama3yuba.woff2]
[localhost/ecom_test/wp-content/cache/seraphinite-accelerator/s/m/d/css/1aed6e10b4078d18b3fbdd428dff7575.cd.css]
[localhost/ecom_test/wp-content/cache/seraphinite-accelerator/s/m/d/css/087a97f2583855f8909d61f63886a761.32.css]
[localhost/ecom_test/wp-content/cache/seraphinite-accelerator/s/m/d/css/7e7e04721ae045445818287bcc04dd40.7c.css]
[localhost/ecom_test/wp-content/cache/seraphinite-accelerator/s/m/d/css/249a3cbe38edb0f12a510e99120b943e.ed.css]
[localhost/ecom_test/wp-content/cache/seraphinite-accelerator/s/m/d/css/d97037189ec1434a885009a6788da172.a9.css]
[localhost/ecom_test/wp-content/cache/seraphinite-accelerator/s/m/d/css/5b247d952c41ec7ca3ed7ae69a501815.ce.css]
[localhost/ecom_test/wp-content/cache/seraphinite-accelerator/s/m/d/css/6d6a6ec6b26fc16febae6c942bef4a1d.95.css]
[localhost/ecom_test/wp-content/cache/seraphinite-accelerator/s/m/d/css/d8fa699e72d5147e97b3abd574699fce.31.css]
[localhost/ecom_test/wp-content/cache/seraphinite-accelerator/s/m/d/css/23c12632bc61fa6887090ac423f2498e.4b9.css]
[localhost/ecom_test/wp-content/cache/seraphinite-accelerator/s/m/d/css/055e647f9fb83c24aeccf41fa6f322fb.21c.css]
[localhost/ecom_test/wp-content/cache/seraphinite-accelerator/s/m/d/css/66ff047f4dd1ec68a31636c1419295c6.13a.css]
[localhost/ecom_test/wp-content/cache/seraphinite-accelerator/s/m/d/css/61555f1502b8c210841a8269c43041bf.98.css]
[localhost/ecom_test/wp-content/cache/seraphinite-accelerator/s/m/d/css/ecb583d0aabb9b3dea7ca3ce8b1fd93f.80.css]
[localhost/ecom_test/wp-content/cache/seraphinite-accelerator/s/m/d/css/944cc1105f417a9dabfddc0c57079b7a.208.css]
[localhost/ecom_test/wp-content/cache/seraphinite-accelerator/s/m/d/css/b8f0a25484c53178d2d866dd99fe9ac4.ff.css]
[localhost/ecom_test/wp-content/cache/seraphinite-accelerator/s/m/d/css/5a96ca46a4613789749e08682f20efb6.3a.css]
[localhost/ecom_test/wp-content/cache/seraphinite-accelerator/s/m/d/css/9b205ca30234263fa79aed221f66c4da.179.css]
[localhost/ecom_test/wp-content/cache/seraphinite-accelerator/s/m/d/css/1a219adfd099b6da33ceafc5e46a31ca.340.css]
[localhost/ecom_test/wp-content/cache/seraphinite-accelerator/s/m/d/css/a09cd868f4ff31f483d91b5de9b379da.4a.css]
[localhost/ecom_test/wp-content/cache/seraphinite-accelerator/s/m/d/css/847c4cffc3a05285ef5cb633eb609e0b.44.css]
[localhost/ecom_test/wp-content/cache/seraphinite-accelerator/s/m/d/css/9c22884ae710799bf0c7f42701629953.2f1e.css]
[localhost/ecom_test/wp-content/uploads/2025/05/Generic-Basketball.H03.2k-1.png]
[localhost/ecom_test/about-us/index.html]
[localhost/ecom_test/blog/index.html]
[localhost/ecom_test/wp-content/uploads/2025/05/Basketball-Sport-Shoes.H03.2k.png]
[localhost/ecom_test/cart/index.html]
[localhost/ecom_test/contact-us/index.html]
[localhost/ecom_test/wp-content/uploads/2025/05/Shoes-White.H03.2k.png]
[localhost/ecom_test/my-account/index.html]
[localhost/ecom_test/shop/index.html]
[localhost/ecom_test/wp-content/uploads/2025/05/Male-Sneakers.H03.2k.png]
[localhost/ecom_test/wp-content/uploads/2025/05/Running-Shoes.H03.2k.png]
[localhost/ecom_test/product/original-basketball-shoes/index.html]
[localhost/ecom_test/wp-content/uploads/2025/05/Generic-Basketball.H03.2k.png]
[localhost/ecom_test/wp-content/uploads/2025/05/handsome-young-man-cycling-on-the-road-2022-12-15-18-18-17-utc-1.jpg]
[localhost/ecom_test/wp-content/uploads/2025/05/1584573441728.gif]
[localhost/ecom_test/wp-content/uploads/2025/05/cropped-image-of-basketball-player-playing-basketb-2022-12-16-20-45-01-utc-3.jpg]
[localhost/ecom_test/wp-content/uploads/2025/05/lamp-3-2-removebg-preview.png]
[localhost/ecom_test/wp-content/uploads/2025/05/female-hiker-hiking-the-peak-of-the-mountain-enjoy-2023-01-07-03-03-22-utc-1-3.jpg]
[localhost/ecom_test/wp-content/uploads/2025/05/young-athlete-man-tying-lace-on-running-shoes-duri-2022-12-03-22-10-14-utc-1.jpg]
[localhost/ecom_test/wp-content/uploads/2025/05/navaro-black-1-1024x181.png]
[localhost/ecom_test/wp-content/uploads/2025/05/Maestro-card-dark_128-1.png]
[localhost/ecom_test/wp-content/uploads/2025/05/cleanco-1.png]
[localhost/ecom_test/wp-content/uploads/2025/05/Visa-card-dark_128-1.png]
[localhost/ecom_test/wp-content/uploads/2025/05/new-xposure-dark-1-1024x406.png]
[localhost/ecom_test/wp-content/uploads/2025/05/latest-logo-extraspace-dark-1-1024x209.png]
[localhost/ecom_test/wp-content/uploads/2025/05/Generic-Basketball.H03.2k-2.png]
[localhost/ecom_test/wp-content/uploads/2025/05/Basketball-Sport-Shoes.H03.2k-100x100.png]
[localhost/ecom_test/wp-content/uploads/2025/05/Shoes-White.H03.2k-100x100.png]
[localhost/ecom_test/wp-content/uploads/2025/05/Male-Sneakers.H03.2k-100x100.png]
[localhost/ecom_test/wp-content/uploads/premium-addons-elementor/pa-frontend-7b3b031eb.minf6ba.js]
[localhost/ecom_test/wp-content/plugins/woocommerce/assets/js/sourcebuster/sourcebuster.min519f.js]
[localhost/ecom_test/wp-content/themes/blocksy/static/bundle/main7485.js]
[localhost/ecom_test/wp-content/plugins/woocommerce/assets/js/frontend/order-attribution.min519f.js]
[localhost/ecom_test/wp-content/plugins/premium-addons-for-elementor/assets/frontend/min-js/isotope.min0499.js]
[localhost/ecom_test/wp-content/plugins/premium-addons-for-elementor/assets/frontend/min-js/slick.min0499.js]
[localhost/ecom_test/wp-includes/js/imagesloaded.minbb93.js]
[localhost/ecom_test/wp-content/plugins/premium-addons-for-elementor/assets/frontend/min-js/premium-woo-products.min0499.js]
[localhost/ecom_test/wp-content/plugins/premium-addons-for-elementor/assets/frontend/min-js/jquery-countdown.min0499.js]
[localhost/ecom_test/wp-includes/js/underscore.min3ab8.js]
[localhost/ecom_test/wp-includes/js/wp-util.min0899.js]
[localhost/ecom_test/wp-content/plugins/woocommerce/assets/js/frontend/add-to-cart-variation.min519f.js]
[localhost/ecom_test/wp-content/plugins/elementor/assets/js/webpack.runtime.min89ce.js]
[localhost/ecom_test/wp-content/plugins/elementor/assets/js/frontend-modules.min89ce.js]
[localhost/ecom_test/wp-includes/js/jquery/ui/core.minb37e.js]
[localhost/ecom_test/wp-content/plugins/elementor/assets/js/frontend.min89ce.js]
[localhost/ecom_test/index.html]
[localhost/ecom_test/wp-content/themes/blocksy/static/bundle/no-scripts.min.css]
[localhost/ecom_test/wp-content/cache/seraphinite-accelerator/s/m/d/css/37c80e94f51013b7e0681853a73f56b6.2efb.css]
[localhost/ecom_test/wp-content/cache/seraphinite-accelerator/s/m/d/css/74355a87ed510dee12c2d33a7aa3028e.70e1.css]
[localhost/ecom_test/wp-content/cache/seraphinite-accelerator/s/m/d/css/1391a6c832e0e4da87c30feb03a20eec.356b.css]
[localhost/ecom_test/wp-content/cache/seraphinite-accelerator/s/m/d/css/5db95e3c7eb4b3a48f4823ff4485b59e.39.css]
[localhost/ecom_test/wp-content/cache/seraphinite-accelerator/s/m/d/css/3e3c5d4673106fe55c22a3e1919ec18d.8b7.css]
[localhost/ecom_test/wp-content/cache/seraphinite-accelerator/s/m/d/css/534b4cabe64595fbb1c3c0b37d2fcb70.a3f7.css]
[localhost/ecom_test/wp-content/cache/seraphinite-accelerator/s/m/d/css/d602025644400bdcecaa05b40b34df0e.e982.css]
[localhost/ecom_test/wp-content/cache/seraphinite-accelerator/s/m/d/css/f5c9138233f19b8c97c24fd5c4206e4d.4e0.css]
[localhost/ecom_test/wp-content/cache/seraphinite-accelerator/s/m/d/css/56055f766cd6438d27df85b3b0206d38.4c4.css]
[localhost/ecom_test/wp-content/cache/seraphinite-accelerator/s/m/d/css/d6b97f3352faa59f9a2f086b11bf1f05.411.css]
[localhost/ecom_test/wp-content/cache/seraphinite-accelerator/s/m/d/css/698a55fcf8767d36e0b2d0b894d69018.859.css]
[localhost/ecom_test/wp-content/cache/seraphinite-accelerator/s/m/d/css/b6552a76b5205e2ea4e49ab0119fc961.795.css]
[localhost/ecom_test/wp-content/cache/seraphinite-accelerator/s/m/d/css/01b5dffe53d6bb60dfef61eb62697fc3.ae67.css]
[localhost/ecom_test/wp-content/cache/seraphinite-accelerator/s/m/d/css/d8c9aef582c008d256436e6b799f6dc8.158.css]
[localhost/ecom_test/wp-content/cache/seraphinite-accelerator/s/m/d/css/c3be9e612baf8fc4af612de8af4c0864.230.css]
[localhost/ecom_test/wp-content/cache/seraphinite-accelerator/s/m/d/css/c84024c503ea58edcdaff8e382601477.23c1.css]
[localhost/ecom_test/wp-content/cache/seraphinite-accelerator/s/m/d/css/d4d47557d7b14eb108b28ba66a31f43c.d12.css]
[localhost/ecom_test/wp-content/plugins/elementor/assets/lib/font-awesome/webfonts/fa-brands-400.svg]
[localhost/ecom_test/wp-content/plugins/elementor/assets/lib/font-awesome/webfonts/fa-regular-400.svg]
[localhost/ecom_test/wp-content/plugins/elementor/assets/lib/font-awesome/webfonts/fa-solid-900.svg]
[localhost/ecom_test/wp-content/cache/seraphinite-accelerator/s/m/d/css/4f43ab85d1ef66ad68b2c4a3a7be558b.d3b3.css]
[localhost/ecom_test/wp-content/cache/seraphinite-accelerator/s/m/d/css/8b8fcc0d56bd0d26f596d79ee16553e7.14c7.css]
[localhost/ecom_test/wp-content/cache/seraphinite-accelerator/s/m/d/css/36250176e74955fbd2f2c9937e3d207e.10b5.css]
[localhost/ecom_test/wp-content/cache/seraphinite-accelerator/s/m/d/css/9c0913b306e6dd4ee9f82ef7ad8eea5d.a9.css]
[localhost/ecom_test/wp-content/cache/seraphinite-accelerator/s/m/d/css/1aed6e10b4078d18b3fbdd428dff7575.cd.css]
[localhost/ecom_test/wp-content/cache/seraphinite-accelerator/s/m/d/css/087a97f2583855f8909d61f63886a761.32.css]
[localhost/ecom_test/wp-content/cache/seraphinite-accelerator/s/m/d/css/7e7e04721ae045445818287bcc04dd40.7c.css]
[localhost/ecom_test/wp-content/cache/seraphinite-accelerator/s/m/d/css/249a3cbe38edb0f12a510e99120b943e.ed.css]
[localhost/ecom_test/wp-content/cache/seraphinite-accelerator/s/m/d/css/d97037189ec1434a885009a6788da172.a9.css]
[localhost/ecom_test/wp-content/cache/seraphinite-accelerator/s/m/d/css/5b247d952c41ec7ca3ed7ae69a501815.ce.css]
[localhost/ecom_test/wp-content/cache/seraphinite-accelerator/s/m/d/css/6d6a6ec6b26fc16febae6c942bef4a1d.95.css]
[localhost/ecom_test/wp-content/cache/seraphinite-accelerator/s/m/d/css/d8fa699e72d5147e97b3abd574699fce.31.css]
[localhost/ecom_test/wp-content/cache/seraphinite-accelerator/s/m/d/css/23c12632bc61fa6887090ac423f2498e.4b9.css]
[localhost/ecom_test/wp-content/cache/seraphinite-accelerator/s/m/d/css/055e647f9fb83c24aeccf41fa6f322fb.21c.css]
[localhost/ecom_test/wp-content/cache/seraphinite-accelerator/s/m/d/css/66ff047f4dd1ec68a31636c1419295c6.13a.css]
[localhost/ecom_test/wp-content/cache/seraphinite-accelerator/s/m/d/css/61555f1502b8c210841a8269c43041bf.98.css]
[localhost/ecom_test/wp-content/cache/seraphinite-accelerator/s/m/d/css/ecb583d0aabb9b3dea7ca3ce8b1fd93f.80.css]
[localhost/ecom_test/wp-content/cache/seraphinite-accelerator/s/m/d/css/944cc1105f417a9dabfddc0c57079b7a.208.css]
[localhost/ecom_test/wp-content/cache/seraphinite-accelerator/s/m/d/css/b8f0a25484c53178d2d866dd99fe9ac4.ff.css]
[localhost/ecom_test/wp-content/cache/seraphinite-accelerator/s/m/d/css/5a96ca46a4613789749e08682f20efb6.3a.css]
[localhost/ecom_test/wp-content/cache/seraphinite-accelerator/s/m/d/css/9b205ca30234263fa79aed221f66c4da.179.css]
[localhost/ecom_test/wp-content/cache/seraphinite-accelerator/s/m/d/css/1a219adfd099b6da33ceafc5e46a31ca.340.css]
[localhost/ecom_test/wp-content/cache/seraphinite-accelerator/s/m/d/css/a09cd868f4ff31f483d91b5de9b379da.4a.css]
[localhost/ecom_test/wp-content/cache/seraphinite-accelerator/s/m/d/css/847c4cffc3a05285ef5cb633eb609e0b.44.css]
[localhost/ecom_test/wp-content/cache/seraphinite-accelerator/s/m/d/css/9c22884ae710799bf0c7f42701629953.2f1e.css]
[localhost/ecom_test/wp-json/wp/v2/pages/13.json]
[localhost/ecom_test/wp-json/oembed/1.0/embed943f.json]
[localhost/ecom_test/wp-json/oembed/1.0/embedb970]
[localhost/ecom_test/wp-content/cache/seraphinite-accelerator/s/m/d/css/d74df94a90d6d6fc10f2575abca3daa8.241c.css]
[localhost/ecom_test/wp-content/cache/seraphinite-accelerator/s/m/d/css/7cb66a07c786ed16a00a7f4ac0835455.59212.css]
[localhost/ecom_test/wp-content/cache/seraphinite-accelerator/s/m/d/css/5fddc55aa63c34d4b33221f2eefa364e.3463.css]
[localhost/ecom_test/wp-content/cache/seraphinite-accelerator/s/m/d/css/ed15bc5e30f6e19b150a458ef808cd4d.92f0.css]
[localhost/ecom_test/wp-content/cache/seraphinite-accelerator/s/m/d/css/1a972ebc9aa7df24f1e641cd483516a2.edae.css]
[localhost/ecom_test/wp-content/cache/seraphinite-accelerator/s/m/d/css/5de493f23247ed0dca9fae17bd9b6a39.1cf.css]
[localhost/ecom_test/wp-content/cache/seraphinite-accelerator/s/m/d/css/5de19ff8dfe70b3512f5e273c7242eb7.39a.css]
[localhost/ecom_test/wp-content/cache/seraphinite-accelerator/s/m/d/css/0bf86cd3ba9485eb8ba7b9f6f4096774.acc8.css]
[localhost/ecom_test/wp-content/cache/seraphinite-accelerator/s/m/d/css/2bde0d9c56039dfd147bacf730427525.a37.css]
[localhost/ecom_test/wp-content/cache/seraphinite-accelerator/s/m/d/css/41519f760cfbadb25994fe81b0c4876e.390.css]
[localhost/ecom_test/wp-content/cache/seraphinite-accelerator/s/m/d/css/97a85fe679cd05c955f2e0d2cf358d26.210a.css]
[localhost/ecom_test/wp-content/cache/seraphinite-accelerator/s/m/d/css/bf779e7b9468132529b91d4d2be6a0f7.36.css]
[localhost/ecom_test/wp-content/uploads/2025/05/young-athlete-man-tying-lace-on-running-shoes-duri-2022-12-03-22-10-14-utc-1-1.jpg]
[localhost/ecom_test/wp-content/uploads/2025/05/cropped-image-of-basketball-player-playing-basketb-2022-12-16-20-45-01-utc-1-1.jpg]
[localhost/ecom_test/wp-content/plugins/woocommerce/assets/fonts/Inter-VariableFont_slnt,wght.woff2]
[localhost/ecom_test/wp-content/plugins/woocommerce/assets/fonts/cardo_normal_400.woff2]
[localhost/ecom_test/wp-content/uploads/2025/05/woman-dry-cleaning-operator-spraying-solvent-on-di-2023-07-04-00-07-45-utc-1-1.jpg]
[localhost/ecom_test/wp-content/uploads/2025/05/young-man-bearded-playing-basketball-sport-slam-du-2022-01-28-20-53-36-utc-1-1.jpg]
[localhost/ecom_test/about-us/index.html]
[localhost/ecom_test/wp-content/cache/seraphinite-accelerator/s/m/d/css/5bff3f5a443ade704c1f71fb4b302bcb.1df7.css]
[localhost/ecom_test/wp-content/cache/seraphinite-accelerator/s/m/d/css/fa245235f1b6b2839f911899a1f3d089.1a1ab.css]
[localhost/ecom_test/wp-content/cache/seraphinite-accelerator/s/m/d/css/facfd4aa6250e9052c9ffc80785512f2.3611.css]
[localhost/ecom_test/wp-content/cache/seraphinite-accelerator/s/m/d/css/37d54c10cad552ddcad02ed27f1d89e5.8285.css]
[localhost/ecom_test/wp-content/cache/seraphinite-accelerator/s/m/d/css/21f4c5a34cd712a5a471652effc627d5.ee28.css]
[localhost/ecom_test/wp-content/cache/seraphinite-accelerator/s/m/d/css/c8492e48e587419c20971f1804e1ea1d.4ff.css]
[localhost/ecom_test/wp-content/cache/seraphinite-accelerator/s/m/d/css/e4021a9e3e6fec948499235bd51c1e9a.263.css]
[localhost/ecom_test/wp-content/uploads/2025/05/female-hiker-hiking-the-peak-of-the-mountain-enjoy-2023-01-07-03-03-22-utc-1-3-768x513.jpg]
[localhost/ecom_test/wp-content/uploads/2025/05/young-athlete-man-tying-lace-on-running-shoes-duri-2022-12-03-22-10-14-utc-1-768x511.jpg]
[localhost/ecom_test/wp-content/uploads/2025/05/cropped-image-of-basketball-player-playing-basketb-2022-12-16-20-45-01-utc-1-768x512.jpg]
[localhost/ecom_test/blog/index.html]
[localhost/ecom_test/wp-content/plugins/woocommerce/assets/js/frontend/country-select.min519f.js]
[localhost/ecom_test/wp-content/plugins/woocommerce/assets/js/frontend/address-i18n.min519f.js]
[localhost/ecom_test/wp-content/plugins/woocommerce/assets/js/frontend/cart.min519f.js]
[localhost/ecom_test/wp-content/plugins/woocommerce/assets/js/selectWoo/selectWoo.full.minfcd5.js]
[localhost/ecom_test/wp-json/wp/v2/pages/96.json]
[localhost/ecom_test/wp-json/oembed/1.0/embedb3e1.json]
[localhost/ecom_test/wp-json/oembed/1.0/embeddb6d]
[localhost/ecom_test/wp-content/cache/seraphinite-accelerator/s/m/d/css/4c75ecd50bf99eab8ecd7c9fbe3c146d.23d1.css]
[localhost/ecom_test/wp-content/cache/seraphinite-accelerator/s/m/d/css/d850687a3cfd184e247c94e694794f40.1a12b.css]
[localhost/ecom_test/wp-content/cache/seraphinite-accelerator/s/m/d/css/81f599741c7278f9f97237b86e4a49a4.32ef.css]
[localhost/ecom_test/wp-content/cache/seraphinite-accelerator/s/m/d/css/ac0332886bee1311a5cfcc18f5587878.390d.css]
[localhost/ecom_test/wp-content/cache/seraphinite-accelerator/s/m/d/css/71b295efba1fbf649ed1f483ddb918fb.8d29.css]
[localhost/ecom_test/wp-content/cache/seraphinite-accelerator/s/m/d/css/4691cf8c03ba587520f587c3a0b2282f.e81f.css]
[localhost/ecom_test/cart/index.html]
[localhost/ecom_test/checkout/index.html]
[localhost/ecom_test/wp-json/wp/v2/pages/15.json]
[localhost/ecom_test/wp-json/oembed/1.0/embede8e5.json]
[localhost/ecom_test/wp-json/oembed/1.0/embed23b4]
[localhost/ecom_test/wp-content/cache/seraphinite-accelerator/s/m/d/css/24f83b4c8094ca2b84d31dc19f6f36a4.2438.css]
[localhost/ecom_test/wp-content/cache/seraphinite-accelerator/s/m/d/css/7f7d52643bb18e22e39f1f055685658e.8f2e.css]
[localhost/ecom_test/wp-content/cache/seraphinite-accelerator/s/m/d/css/c3ba535f063f152e67e3208224c8f825.ed7d.css]
[localhost/ecom_test/wp-content/cache/seraphinite-accelerator/s/m/d/css/6a8604580d509791dd4dfa2f391c9966.3d5.css]
[localhost/ecom_test/wp-content/cache/seraphinite-accelerator/s/m/d/css/f853b6ec452cb9eeb244c9ba92db0399.6b6.css]
[localhost/ecom_test/wp-content/cache/seraphinite-accelerator/s/m/d/css/17a56be3575610e4518e4c84d0ffaf32.abdb.css]
[localhost/ecom_test/wp-content/cache/seraphinite-accelerator/s/m/d/css/60905a19ef1bd4709621f0995652eb3f.20dd.css]
[localhost/ecom_test/wp-content/cache/seraphinite-accelerator/s/m/d/css/a29fd96d569bb0950633e80761247910.65.css]
[localhost/ecom_test/wp-content/uploads/2025/05/handsome-young-man-cycling-on-the-road-2022-12-15-18-18-17-utc-1-1.jpg]
[localhost/ecom_test/wp-content/cache/seraphinite-accelerator/s/m/d/css/df5bf2af1fdeeb68edd7def18db92dbe.39a.css]
[localhost/ecom_test/wp-content/cache/seraphinite-accelerator/s/m/d/css/4700e627cd961c0e0c231ce69f326763.1c674.css]
[localhost/ecom_test/wp-content/uploads/2025/05/female-hiker-hiking-the-peak-of-the-mountain-enjoy-2023-01-07-03-03-22-utc-1-3-1.jpg]
[localhost/ecom_test/wp-content/plugins/wpforms-lite/assets/js/frontend/wpforms.min9c92.js]
[localhost/ecom_test/wp-content/plugins/wpforms-lite/assets/js/integrations/elementor/frontend.min9c92.js]
[localhost/ecom_test/wp-content/plugins/wpforms-lite/assets/lib/jquery.validate.min3c17.js]
[localhost/ecom_test/wp-content/plugins/wpforms-lite/assets/lib/mailcheck.mincfa9.js]
[localhost/ecom_test/wp-content/plugins/wpforms-lite/assets/lib/punycode.min8a54.js]
[localhost/ecom_test/wp-content/plugins/wpforms-lite/assets/js/share/utils.min9c92.js]
[localhost/ecom_test/wp-content/plugins/wpforms-lite/assets/js/frontend/wpforms-modern.min9c92.js]
[localhost/ecom_test/wp-content/plugins/wpforms-lite/assets/js/frontend/fields/address.min9c92.js]
[localhost/ecom_test/contact-us/index.html]
[localhost/ecom_test/wp-content/plugins/woocommerce/assets/js/frontend/account-i18n.min519f.js]
[localhost/ecom_test/wp-json/wp/v2/pages/98.json]
[localhost/ecom_test/wp-json/oembed/1.0/embed4f50.json]
[localhost/ecom_test/wp-json/oembed/1.0/embed1404]
[localhost/ecom_test/wp-content/cache/seraphinite-accelerator/s/m/d/css/eacb37320643a738ea06404d4305a750.24b0.css]
[localhost/ecom_test/wp-content/cache/seraphinite-accelerator/s/m/d/css/f11c597b03ab67286779ff0fdd2b3b34.1a16d.css]
[localhost/ecom_test/wp-content/cache/seraphinite-accelerator/s/m/d/css/313baa84fb4dbd4353f4bc95f4f81718.8d49.css]
[localhost/ecom_test/wp-content/cache/seraphinite-accelerator/s/m/d/css/fee42c23d5d77fb0fc493e9b69165172.eab4.css]
[localhost/ecom_test/wp-content/cache/seraphinite-accelerator/s/m/d/css/b104ce4e3287231bb798717e9da11c15.480.css]
[localhost/ecom_test/my-account/index.html]
[localhost/ecom_test/wp-content/cache/seraphinite-accelerator/s/m/d/css/2a499f79299ce36257595990bc972ab8.2a20.css]
[localhost/ecom_test/wp-content/cache/seraphinite-accelerator/s/m/d/css/27be51dd53497275c7015767293319fb.1a169.css]
[localhost/ecom_test/wp-content/cache/seraphinite-accelerator/s/m/d/css/91153788a50bc666b6c97f86e8dafeae.349d.css]
[localhost/ecom_test/wp-content/cache/seraphinite-accelerator/s/m/d/css/bf3b7017a7be46cedcaac13788e8b859.a324.css]
[localhost/ecom_test/wp-content/cache/seraphinite-accelerator/s/m/d/css/0b660b29f7ed708472201d96dddcd617.789.css]
[localhost/ecom_test/wp-content/cache/seraphinite-accelerator/s/m/d/css/8415d7c9d2fc74fcdb01757fa336d228.767.css]
[localhost/ecom_test/shop/feed/index.html]
[localhost/ecom_test/shop/index.html]
[localhost/ecom_test/index3b72.html]
[localhost/ecom_test/wp-content/plugins/woocommerce/assets/js/zoom/jquery.zoom.mina36e.js]
[localhost/ecom_test/wp-content/plugins/woocommerce/assets/js/frontend/single-product.min519f.js]
[localhost/ecom_test/product/original-basketball-shoes/feed/index.html]
[localhost/ecom_test/wp-json/wp/v2/product/188.json]
[localhost/ecom_test/wp-json/oembed/1.0/embed2ecf.json]
[localhost/ecom_test/wp-json/oembed/1.0/embed1f88]
[localhost/ecom_test/wp-content/cache/seraphinite-accelerator/s/m/d/css/47f74b6801a35c633a57ad0a01943ebc.a4b8.css]
[localhost/ecom_test/wp-content/cache/seraphinite-accelerator/s/m/d/css/58be1fcf1a9c8925c1a27479513f6a39.fe2.css]
[localhost/ecom_test/wp-includes/js/comment-reply.min0899.js]
[localhost/ecom_test/product/original-basketball-shoes/index.html]
[localhost/ecom_test/wp-content/uploads/premium-addons-elementor/pa-frontend-7b3b031eb.minb7be.js]
[localhost/ecom_test/index73e6.html]
[localhost/ecom_test/product/white-sneaker-shoes/feed/index.html]
[localhost/ecom_test/wp-json/wp/v2/product/187.json]
[localhost/ecom_test/wp-json/oembed/1.0/embedb59c.json]
[localhost/ecom_test/wp-json/oembed/1.0/embeda0b5]
[localhost/ecom_test/wp-content/uploads/2025/05/Shoes-White.H03.2k-600x600.png]
[localhost/ecom_test/wp-content/uploads/2025/05/Male-Sneakers.H03.2k-500x500.png]
[localhost/ecom_test/wp-content/uploads/2025/05/Basketball-Sport-Shoes.H03.2k-500x500.png]
[localhost/ecom_test/product/white-sneaker-shoes/index.html]
[localhost/ecom_test/index5687.html]
[localhost/ecom_test/wp-content/uploads/premium-addons-elementor/pa-frontend-7b3b031eb.min1ef6.js]
[localhost/ecom_test/product/black-running-shoes/feed/index.html]
[localhost/ecom_test/wp-json/wp/v2/product/183.json]
[localhost/ecom_test/wp-json/oembed/1.0/embedd509.json]
[localhost/ecom_test/wp-json/oembed/1.0/embed90ac]
[localhost/ecom_test/wp-content/uploads/2025/05/Male-Sneakers.H03.2k-600x600.png]
[localhost/ecom_test/wp-content/uploads/2025/05/Running-Shoes.H03.2k-600x600.png]
[localhost/ecom_test/wp-content/uploads/2025/05/Running-Shoes.G14.2k-600x600.png]
[localhost/ecom_test/wp-content/uploads/2025/05/Running-Shoes.H03.2k-100x100.png]
[localhost/ecom_test/wp-content/uploads/2025/05/Running-Shoes.G14.2k-100x100.png]
[localhost/ecom_test/wp-content/uploads/2025/05/lamp-3-2-500x500.jpg]
[localhost/ecom_test/wp-content/uploads/2025/05/Generic-Basketball.H03.2k-500x500.png]
[localhost/ecom_test/wp-content/uploads/2025/05/handsome-young-man-cycling-on-the-road-2022-12-15-18-18-17-utc-1-500x500.jpg]
[localhost/ecom_test/wp-content/uploads/2025/05/Basketball-Net.H03.2k-500x500.png]
[localhost/ecom_test/wp-content/uploads/2025/05/lamp-3-2-removebg-preview-467x500.png]
[localhost/ecom_test/product/black-running-shoes/index.html]
[localhost/ecom_test/wp-json/wp/v2/product/170.15b.delayed]
[localhost/ecom_test/product/basketball-on-amazon/feed/index.html]
[localhost/ecom_test/wp-json/oembed/1.0/embed5daf.json]
[localhost/ecom_test/wp-json/oembed/1.0/embed1793]
[localhost/ecom_test/wp-content/uploads/2025/05/Generic-Basketball.H03.2k-600x600.png]
[localhost/ecom_test/product/basketball-on-amazon/index.html]
[localhost/ecom_test/product/cycling-guide/feed/index.html]
[localhost/ecom_test/wp-json/wp/v2/product/169.json]
[localhost/ecom_test/wp-json/oembed/1.0/embede57b.json]
[localhost/ecom_test/wp-json/oembed/1.0/embedba5f]
[localhost/ecom_test/wp-content/uploads/2025/05/handsome-young-man-cycling-on-the-road-2022-12-15-18-18-17-utc-1-600x400.jpg]
[localhost/ecom_test/product/cycling-guide/index.html]
[localhost/ecom_test/wp-content/uploads/premium-addons-elementor/pa-frontend-7b3b031eb.min139f.js]
[localhost/ecom_test/index939e.html]
[localhost/ecom_test/product/coaching-session/feed/index.html]
[localhost/ecom_test/wp-json/wp/v2/product/168.json]
[localhost/ecom_test/wp-json/oembed/1.0/embedb0fa.json]
[localhost/ecom_test/wp-json/oembed/1.0/embede191]
[localhost/ecom_test/wp-content/uploads/2025/05/cropped-image-of-basketball-player-playing-basketb-2022-12-16-20-45-01-utc-3-600x400.jpg]
[localhost/ecom_test/wp-content/uploads/2025/05/young-athlete-man-tying-lace-on-running-shoes-duri-2022-12-03-22-10-14-utc-1-600x399.jpg]
[localhost/ecom_test/wp-content/uploads/2025/05/handsome-young-man-cycling-on-the-road-2022-12-15-18-18-17-utc-3-600x400.jpg]
[localhost/ecom_test/wp-content/uploads/2025/05/1584573441728-100x100.gif]
[localhost/ecom_test/wp-content/uploads/2025/05/cropped-image-of-basketball-player-playing-basketb-2022-12-16-20-45-01-utc-3-100x100.jpg]
[localhost/ecom_test/wp-content/uploads/2025/05/young-athlete-man-tying-lace-on-running-shoes-duri-2022-12-03-22-10-14-utc-1-100x100.jpg]
[localhost/ecom_test/wp-content/uploads/2025/05/handsome-young-man-cycling-on-the-road-2022-12-15-18-18-17-utc-3-100x100.jpg]
[localhost/ecom_test/product/coaching-session/index.html]
[localhost/ecom_test/wp-content/uploads/2025/05/1584573441728.gif]
[localhost/ecom_test/wp-content/uploads/premium-addons-elementor/pa-frontend-7b3b031eb.min9651.js]
[localhost/ecom_test/index0a67.html]
[localhost/ecom_test/wp-json/wp/v2/product/163.json]
[localhost/ecom_test/product/basketball/feed/index.html]
[localhost/ecom_test/wp-json/oembed/1.0/embed6fb5.json]
[localhost/ecom_test/wp-json/oembed/1.0/embed5ccf]
[localhost/ecom_test/wp-content/uploads/2025/05/Generic-Basketball.H03.2k-100x100.png]
[localhost/ecom_test/product/basketball/index.html]
[localhost/ecom_test/wp-json/wp/v2/product/152.json]
[localhost/ecom_test/wp-json/oembed/1.0/embedb7b5.json]
[localhost/ecom_test/product/outdoor-lamp/feed/index.html]
[localhost/ecom_test/wp-json/oembed/1.0/embed.177e369.delayed]
[localhost/ecom_test/wp-content/uploads/2025/05/lamp-3-2-600x686.jpg]
[localhost/ecom_test/product/outdoor-lamp/index.html]
[localhost/ecom_test/wp-json/wp/v2/posts/238.json]
[localhost/ecom_test/wp-json/oembed/1.0/embed3dd8]
[localhost/ecom_test/how-to-install-lamp-post/feed/index.html]
[localhost/ecom_test/wp-json/oembed/1.0/embed1ffa]
[localhost/ecom_test/wp-content/uploads/2025/05/lamp-3-3-1-1-896x1024.jpg]
[localhost/ecom_test/how-to-install-lamp-post/index.html]
[localhost/ecom_test/author/eve/feed/index.html]
[localhost/ecom_test/wp-json/wp/v2/users/1.json]
[localhost/ecom_test/author/eve/index.html]
[localhost/ecom_test/category/outdoor/feed/index.html]
[localhost/ecom_test/wp-json/wp/v2/categories/39.json]
[localhost/ecom_test/category/outdoor/index.html]
[localhost/ecom_test/12-best-running-shoes/feed/index.html]
[localhost/ecom_test/wp-json/wp/v2/posts/236.json]
[localhost/ecom_test/wp-json/oembed/1.0/embed4e3e.json]
[localhost/ecom_test/wp-json/oembed/1.0/embed1977]
[localhost/ecom_test/12-best-running-shoes/index.html]
[localhost/ecom_test/category/sports/feed/index.html]
[localhost/ecom_test/wp-json/wp/v2/categories/34.json]
[localhost/ecom_test/category/sports/index.html]
[localhost/ecom_test/best-basketball-to-buy/feed/index.html]
[localhost/ecom_test/wp-json/wp/v2/posts/224.json]
[localhost/ecom_test/wp-json/oembed/1.0/embed5d3a.json]
[localhost/ecom_test/wp-json/oembed/1.0/embed09cb]
[localhost/ecom_test/best-basketball-to-buy/index.html]
[localhost/ecom_test/GET.html]
[localhost/ecom_test/wp-cron.html]
[localhost/ecom_test/index2dc4.html]
[localhost/ecom_test/wp-content/cache/seraphinite-accelerator/s/m/d/css/d74df94a90d6d6fc10f2575abca3daa8.241c.css]
[localhost/ecom_test/wp-content/cache/seraphinite-accelerator/s/m/d/css/7cb66a07c786ed16a00a7f4ac0835455.59212.css]
[localhost/ecom_test/wp-content/cache/seraphinite-accelerator/s/m/d/css/5fddc55aa63c34d4b33221f2eefa364e.3463.css]
[localhost/ecom_test/wp-content/cache/seraphinite-accelerator/s/m/d/css/ed15bc5e30f6e19b150a458ef808cd4d.92f0.css]
[localhost/ecom_test/wp-content/cache/seraphinite-accelerator/s/m/d/css/1a972ebc9aa7df24f1e641cd483516a2.edae.css]
[localhost/ecom_test/wp-content/cache/seraphinite-accelerator/s/m/d/css/5de493f23247ed0dca9fae17bd9b6a39.1cf.css]
[localhost/ecom_test/wp-content/cache/seraphinite-accelerator/s/m/d/css/5de19ff8dfe70b3512f5e273c7242eb7.39a.css]
[localhost/ecom_test/wp-content/cache/seraphinite-accelerator/s/m/d/css/0bf86cd3ba9485eb8ba7b9f6f4096774.acc8.css]
[localhost/ecom_test/wp-content/cache/seraphinite-accelerator/s/m/d/css/2bde0d9c56039dfd147bacf730427525.a37.css]
[localhost/ecom_test/wp-content/cache/seraphinite-accelerator/s/m/d/css/41519f760cfbadb25994fe81b0c4876e.390.css]
[localhost/ecom_test/wp-content/cache/seraphinite-accelerator/s/m/d/css/97a85fe679cd05c955f2e0d2cf358d26.210a.css]
[localhost/ecom_test/wp-content/cache/seraphinite-accelerator/s/m/d/css/bf779e7b9468132529b91d4d2be6a0f7.36.css]
[localhost/ecom_test/about-us/GET.html]
[localhost/ecom_test/wp-content/cache/seraphinite-accelerator/s/m/d/css/5bff3f5a443ade704c1f71fb4b302bcb.1df7.css]
[localhost/ecom_test/wp-content/cache/seraphinite-accelerator/s/m/d/css/fa245235f1b6b2839f911899a1f3d089.1a1ab.css]
[localhost/ecom_test/wp-content/cache/seraphinite-accelerator/s/m/d/css/facfd4aa6250e9052c9ffc80785512f2.3611.css]
[localhost/ecom_test/wp-content/cache/seraphinite-accelerator/s/m/d/css/37d54c10cad552ddcad02ed27f1d89e5.8285.css]
[localhost/ecom_test/wp-content/cache/seraphinite-accelerator/s/m/d/css/21f4c5a34cd712a5a471652effc627d5.ee28.css]
[localhost/ecom_test/wp-content/cache/seraphinite-accelerator/s/m/d/css/c8492e48e587419c20971f1804e1ea1d.4ff.css]
[localhost/ecom_test/wp-content/cache/seraphinite-accelerator/s/m/d/css/e4021a9e3e6fec948499235bd51c1e9a.263.css]
[localhost/ecom_test/blog/GET.html]
[localhost/ecom_test/index6f72.html]
[localhost/ecom_test/wp-content/cache/seraphinite-accelerator/s/m/d/css/4c75ecd50bf99eab8ecd7c9fbe3c146d.23d1.css]
[localhost/ecom_test/wp-content/cache/seraphinite-accelerator/s/m/d/css/d850687a3cfd184e247c94e694794f40.1a12b.css]
[localhost/ecom_test/wp-content/cache/seraphinite-accelerator/s/m/d/css/81f599741c7278f9f97237b86e4a49a4.32ef.css]
[localhost/ecom_test/wp-content/cache/seraphinite-accelerator/s/m/d/css/ac0332886bee1311a5cfcc18f5587878.390d.css]
[localhost/ecom_test/wp-content/cache/seraphinite-accelerator/s/m/d/css/71b295efba1fbf649ed1f483ddb918fb.8d29.css]
[localhost/ecom_test/wp-content/cache/seraphinite-accelerator/s/m/d/css/4691cf8c03ba587520f587c3a0b2282f.e81f.css]
[localhost/ecom_test/cart/GET.html]
[localhost/ecom_test/contact-us/GET.html]
[localhost/ecom_test/indexa1ca.html]
[localhost/ecom_test/wp-content/cache/seraphinite-accelerator/s/m/d/css/24f83b4c8094ca2b84d31dc19f6f36a4.2438.css]
[localhost/ecom_test/wp-content/cache/seraphinite-accelerator/s/m/d/css/7f7d52643bb18e22e39f1f055685658e.8f2e.css]
[localhost/ecom_test/wp-content/cache/seraphinite-accelerator/s/m/d/css/c3ba535f063f152e67e3208224c8f825.ed7d.css]
[localhost/ecom_test/wp-content/cache/seraphinite-accelerator/s/m/d/css/6a8604580d509791dd4dfa2f391c9966.3d5.css]
[localhost/ecom_test/wp-content/cache/seraphinite-accelerator/s/m/d/css/f853b6ec452cb9eeb244c9ba92db0399.6b6.css]
[localhost/ecom_test/wp-content/cache/seraphinite-accelerator/s/m/d/css/17a56be3575610e4518e4c84d0ffaf32.abdb.css]
[localhost/ecom_test/wp-content/cache/seraphinite-accelerator/s/m/d/css/60905a19ef1bd4709621f0995652eb3f.20dd.css]
[localhost/ecom_test/wp-content/cache/seraphinite-accelerator/s/m/d/css/a29fd96d569bb0950633e80761247910.65.css]
[localhost/ecom_test/wp-content/cache/seraphinite-accelerator/s/m/d/css/df5bf2af1fdeeb68edd7def18db92dbe.39a.css]
[localhost/ecom_test/wp-content/cache/seraphinite-accelerator/s/m/d/css/4700e627cd961c0e0c231ce69f326763.1c674.css]
[localhost/ecom_test/indexb6ad.html]
[localhost/ecom_test/wp-content/cache/seraphinite-accelerator/s/m/d/css/eacb37320643a738ea06404d4305a750.24b0.css]
[localhost/ecom_test/wp-content/cache/seraphinite-accelerator/s/m/d/css/f11c597b03ab67286779ff0fdd2b3b34.1a16d.css]
[localhost/ecom_test/wp-content/cache/seraphinite-accelerator/s/m/d/css/313baa84fb4dbd4353f4bc95f4f81718.8d49.css]
[localhost/ecom_test/wp-content/cache/seraphinite-accelerator/s/m/d/css/fee42c23d5d77fb0fc493e9b69165172.eab4.css]
[localhost/ecom_test/wp-content/cache/seraphinite-accelerator/s/m/d/css/b104ce4e3287231bb798717e9da11c15.480.css]
[localhost/ecom_test/wp-includes/js/zxcvbn-async.min5152.js]
[localhost/ecom_test/wp-includes/js/dist/hooks.min4fdd.js]
[localhost/ecom_test/wp-includes/js/dist/i18n.minc33c.js]
[localhost/ecom_test/wp-admin/js/password-strength-meter.min0899.js]
[localhost/ecom_test/wp-content/plugins/woocommerce/assets/js/frontend/password-strength-meter.min519f.js]
[localhost/ecom_test/wp-content/plugins/woocommerce/assets/js/frontend/lost-password.min519f.js]
[localhost/ecom_test/my-account/lost-password/index.html]
[localhost/ecom_test/my-account/GET.html]
[localhost/ecom_test/wp-content/cache/seraphinite-accelerator/s/m/d/css/2a499f79299ce36257595990bc972ab8.2a20.css]
[localhost/ecom_test/wp-content/cache/seraphinite-accelerator/s/m/d/css/27be51dd53497275c7015767293319fb.1a169.css]
[localhost/ecom_test/wp-content/cache/seraphinite-accelerator/s/m/d/css/91153788a50bc666b6c97f86e8dafeae.349d.css]
[localhost/ecom_test/wp-content/cache/seraphinite-accelerator/s/m/d/css/bf3b7017a7be46cedcaac13788e8b859.a324.css]
[localhost/ecom_test/wp-content/cache/seraphinite-accelerator/s/m/d/css/0b660b29f7ed708472201d96dddcd617.789.css]
[localhost/ecom_test/wp-content/cache/seraphinite-accelerator/s/m/d/css/8415d7c9d2fc74fcdb01757fa336d228.767.css]
[localhost/ecom_test/shop/GET.html]
[localhost/ecom_test/index9e8b.html]
[localhost/ecom_test/wp-content/cache/seraphinite-accelerator/s/m/d/css/47f74b6801a35c633a57ad0a01943ebc.a4b8.css]
[localhost/ecom_test/wp-content/cache/seraphinite-accelerator/s/m/d/css/58be1fcf1a9c8925c1a27479513f6a39.fe2.css]
[localhost/ecom_test/product/original-basketball-shoes/GET.html]
[localhost/ecom_test/wp-content/uploads/blocksy/css/global5f57.css]
[localhost/ecom_test/wp-content/uploads/premium-addons-elementor/pa-frontend-7b3b031eb.minb7be.css]
[localhost/ecom_test/wp-content/plugins/woocommerce/assets/css/brands519f.css]
[localhost/ecom_test/wp-content/themes/blocksy/style0899.css]
[localhost/ecom_test/wp-content/themes/blocksy/static/bundle/main.min7485.css]
[localhost/ecom_test/wp-content/themes/blocksy/static/bundle/woocommerce.min7485.css]
[localhost/ecom_test/wp-content/themes/blocksy/static/bundle/page-title.min7485.css]
[localhost/ecom_test/wp-content/themes/blocksy/static/bundle/elementor-frontend.min7485.css]
[localhost/ecom_test/wp-content/themes/blocksy/static/bundle/elementor-woocommerce-frontend.min7485.css]
[localhost/ecom_test/wp-content/themes/blocksy/static/bundle/flexy.min7485.css]
[localhost/ecom_test/wp-content/themes/blocksy/static/bundle/wpforms.min7485.css]
[localhost/ecom_test/wp-content/plugins/elementor/assets/css/frontend.min89ce.css]
[localhost/ecom_test/wp-content/uploads/elementor/css/post-7b7be.css]
[localhost/ecom_test/wp-content/plugins/elementor/assets/css/widget-heading.min89ce.css]
[localhost/ecom_test/wp-content/plugins/elementor/assets/lib/animations/styles/e-animation-grow.min89ce.css]
[localhost/ecom_test/wp-content/plugins/elementor/assets/css/widget-icon-box.min89ce.css]
[localhost/ecom_test/wp-content/plugins/elementor/assets/css/conditionals/shapes.min89ce.css]
[localhost/ecom_test/wp-content/plugins/elementor/assets/css/widget-divider.min89ce.css]
[localhost/ecom_test/wp-content/plugins/elementor/assets/lib/font-awesome/css/all.min0499.css]
[localhost/ecom_test/wp-content/plugins/premium-addons-for-elementor/assets/frontend/min-css/slick.min0499.css]
[localhost/ecom_test/wp-content/plugins/elementor/assets/css/widget-image.min89ce.css]
[localhost/ecom_test/wp-content/uploads/elementor/css/post-10db09.css]
[localhost/ecom_test/wp-content/plugins/blocksy-companion/static/bundle/header-account.min7485.css]
[localhost/ecom_test/wp-content/uploads/elementor/google-fonts/css/poppins1099.css]
[localhost/ecom_test/wp-content/uploads/elementor/google-fonts/css/robotoslabcfe5.css]
[localhost/ecom_test/wp-content/uploads/elementor/google-fonts/css/robotoa2ca.css]
[localhost/ecom_test/wp-content/plugins/woocommerce/assets/client/blocks/wc-blocksadac.css]
[localhost/ecom_test/wp-content/plugins/premium-addons-for-elementor/assets/frontend/min-css/premium-addons.min0499.css]
[localhost/ecom_test/wp-includes/css/dist/block-library/style.min0899.css]
[localhost/ecom_test/wp-content/themes/blocksy/static/bundle/comments.min7485.css]
[localhost/ecom_test/indexc885.html]
[localhost/ecom_test/product-category/shoes/feed/index.html]
[localhost/ecom_test/wp-json/wp/v2/product_cat/30.json]
[localhost/ecom_test/wp-content/uploads/2025/05/Shoes-White.H03.2k-500x500.png]
[localhost/ecom_test/wp-content/uploads/2025/05/1000_F_177363299_HHfocmoc824vPkARVlaK2Vdc24O6zy26-1.jpg]
[localhost/ecom_test/wp-content/uploads/2025/05/handsome-young-man-cycling-on-the-road-2022-12-15-18-18-17-utc-1-100x100.jpg]
[localhost/ecom_test/wp-includes/js/dist/vendor/wp-polyfill.min2c7c.js]
[localhost/ecom_test/wp-content/plugins/woocommerce/assets/client/blocks/wc-blocks-frontend-vendors-frontend7e33.js]
[localhost/ecom_test/wp-includes/js/dist/vendor/react.mine1ab.js]
[localhost/ecom_test/wp-content/plugins/woocommerce/assets/client/blocks/wc-cart-checkout-base-frontenda07f.js]
[localhost/ecom_test/wp-content/plugins/woocommerce/assets/client/blocks/wc-cart-checkout-vendors-frontend513e.js]
[localhost/ecom_test/wp-includes/js/dist/vendor/react-dom.mine1ab.js]
[localhost/ecom_test/wp-includes/js/dist/vendor/react-jsx-runtime.mincb06.js]
[localhost/ecom_test/wp-content/plugins/woocommerce/assets/client/blocks/wc-typese5ad.js]
[localhost/ecom_test/wp-content/plugins/woocommerce/assets/client/blocks/blocks-checkout-events076b.js]
[localhost/ecom_test/wp-includes/js/dist/url.min16bb.js]
[localhost/ecom_test/wp-includes/js/dist/api-fetch.minc31c.js]
[localhost/ecom_test/wp-content/plugins/woocommerce/assets/client/blocks/wc-settings547f.js]
[localhost/ecom_test/wp-includes/js/dist/deprecated.min0a8b.js]
[localhost/ecom_test/wp-includes/js/dist/dom.minbf15.js]
[localhost/ecom_test/wp-includes/js/dist/escape-html.min3a9d.js]
[localhost/ecom_test/wp-includes/js/dist/element.minfa0f.js]
[localhost/ecom_test/wp-includes/js/dist/is-shallow-equal.mincb09.js]
[localhost/ecom_test/wp-includes/js/dist/keycodes.min8cc0.js]
[localhost/ecom_test/wp-includes/js/dist/priority-queue.minc7db.js]
[localhost/ecom_test/wp-includes/js/dist/compose.minb1f8.js]
[localhost/ecom_test/wp-includes/js/dist/private-apis.mine8e0.js]
[localhost/ecom_test/wp-includes/js/dist/redux-routine.min29d8.js]
[localhost/ecom_test/wp-includes/js/dist/data.mindba4.js]
[localhost/ecom_test/wp-content/plugins/woocommerce/assets/client/blocks/wc-blocks-registryb76b.js]
[localhost/ecom_test/wp-includes/js/dist/data-controls.min01e0.js]
[localhost/ecom_test/wp-includes/js/dist/html-entities.min5b55.js]
[localhost/ecom_test/wp-includes/js/dist/notices.minfe2f.js]
[localhost/ecom_test/wp-content/plugins/woocommerce/assets/client/blocks/wc-blocks-middleware7143.js]
[localhost/ecom_test/wp-content/plugins/woocommerce/assets/client/blocks/wc-blocks-data380a.js]
[localhost/ecom_test/wp-includes/js/dist/dom-ready.min5346.js]
[localhost/ecom_test/wp-includes/js/dist/a11y.min3f73.js]
[localhost/ecom_test/wp-includes/js/dist/primitives.min4e94.js]
[localhost/ecom_test/wp-content/plugins/woocommerce/assets/client/blocks/blocks-components80fb.js]
[localhost/ecom_test/wp-content/plugins/woocommerce/assets/client/blocks/price-format2a95.js]
[localhost/ecom_test/wp-content/plugins/woocommerce/assets/client/blocks/price-filter-frontend80cb.js]
[localhost/ecom_test/wp-includes/js/dist/vendor/lodash.mind1d1.js]
[localhost/ecom_test/wp-includes/js/dist/warning.min85d7.js]
[localhost/ecom_test/wp-content/plugins/woocommerce/assets/client/blocks/blocks-checkoutbc79.js]
[localhost/ecom_test/wp-includes/js/dist/style-engine.min2236.js]
[localhost/ecom_test/wp-content/plugins/woocommerce/assets/client/blocks/filter-wrapper-frontend4ec4.js]
[localhost/ecom_test/product-category/shoes/index.html]
[localhost/ecom_test/wp-json/wp/v2/product_tag/33.json]
[localhost/ecom_test/product-tag/running/index.html]
[localhost/ecom_test/product-tag/running/feed/index.html]
[localhost/ecom_test/product-tag/shoes/feed/index.html]
[localhost/ecom_test/wp-json/wp/v2/product_tag/31.json]
[localhost/ecom_test/product-tag/shoes/index.html]
[localhost/ecom_test/wp-json/wp/v2/product_cat/18.json]
[localhost/ecom_test/product-category/sport-accessories/index.html]
[localhost/ecom_test/product-category/sport-accessories/feed/index.html]
[localhost/ecom_test/product/white-sneaker-shoes/index73e6.html]
[localhost/ecom_test/wp-content/uploads/premium-addons-elementor/pa-frontend-7b3b031eb.min1ef6.css]
[localhost/ecom_test/indexe8f5.html]
[localhost/ecom_test/product-tag/black/feed/index.html]
[localhost/ecom_test/wp-json/wp/v2/product_tag/32.json]
[localhost/ecom_test/product-tag/black/index.html]
[localhost/ecom_test/product/outdoor-lamp/indexbd57.html]
[localhost/ecom_test/product/outdoor-lamp/index5f69.html]
[localhost/ecom_test/product/black-running-shoes/index939e.html]
[localhost/ecom_test/wp-json/wp/v2/product/148.json]
[localhost/ecom_test/product/basketball-net/feed/index.html]
[localhost/ecom_test/wp-json/oembed/1.0/embed0d6b.json]
[localhost/ecom_test/wp-json/oembed/1.0/embedf26d]
[localhost/ecom_test/wp-content/uploads/2025/05/Basketball-Net.H03.2k-600x600.png]
[localhost/ecom_test/wp-content/uploads/2025/05/Basketball-Net.H03.2k-100x100.png]
[localhost/ecom_test/product/basketball-net/index.html]
[localhost/ecom_test/product/black-running-shoes/index7962.html]
[localhost/ecom_test/product/black-running-shoes/index73e6.html]
[localhost/ecom_test/index5e74.html]
[localhost/ecom_test/product/basketball-on-amazon/index7962.html]
[localhost/ecom_test/indexff23.html]
[localhost/ecom_test/product/cycling-guide/index73e6.html]
[localhost/ecom_test/product/cycling-guide/index7962.html]
[localhost/ecom_test/wp-content/uploads/premium-addons-elementor/pa-frontend-7b3b031eb.min139f.css]
[localhost/ecom_test/indexada0.html]
[localhost/ecom_test/product-category/book/feed/index.html]
[localhost/ecom_test/wp-json/wp/v2/product_cat/27.json]
[localhost/ecom_test/product-category/book/index.html]
[localhost/ecom_test/product-tag/life-quotes/feed/index.html]
[localhost/ecom_test/wp-json/wp/v2/product_tag/28.json]
[localhost/ecom_test/product-tag/life-quotes/index.html]
[localhost/ecom_test/wp-json/wp/v2/product_tag/29.json]
[localhost/ecom_test/product-tag/motivation/index.html]
[localhost/ecom_test/product-tag/motivation/feed/index.html]
[localhost/ecom_test/wp-content/uploads/2025/05/1584573441728.gif]
[localhost/ecom_test/wp-content/uploads/premium-addons-elementor/pa-frontend-7b3b031eb.min9651.css]
[localhost/ecom_test/index4034.html]
[localhost/ecom_test/product-tag/ball/feed/index.html]
[localhost/ecom_test/wp-json/wp/v2/product_tag/26.json]
[localhost/ecom_test/product-tag/ball/index.html]
[localhost/ecom_test/product-tag/basketball/feed/index.html]
[localhost/ecom_test/wp-json/wp/v2/product_tag/19.json]
[localhost/ecom_test/product-tag/basketball/index.html]
[localhost/ecom_test/product-tag/sports/feed/index.html]
[localhost/ecom_test/wp-json/wp/v2/product_tag/25.json]
[localhost/ecom_test/product-tag/sports/index.html]
[localhost/ecom_test/product/basketball/index7962.html]
[localhost/ecom_test/product/basketball/index939e.html]
[localhost/ecom_test/product/basketball/index73e6.html]
[localhost/ecom_test/index1611.html]
[localhost/ecom_test/product-tag/lamp/feed/index.html]
[localhost/ecom_test/wp-json/wp/v2/product_tag/22.json]
[localhost/ecom_test/product-tag/lamp/index.html]
[localhost/ecom_test/product-tag/orange/feed/index.html]
[localhost/ecom_test/wp-json/wp/v2/product_tag/20.json]
[localhost/ecom_test/product-tag/orange/index.html]
[localhost/ecom_test/product-tag/red/feed/index.html]
[localhost/ecom_test/wp-json/wp/v2/product_tag/23.json]
[localhost/ecom_test/product-tag/red/index.html]
[localhost/ecom_test/product-tag/yellow/feed/index.html]
[localhost/ecom_test/wp-json/wp/v2/product_tag/24.json]
[localhost/ecom_test/product-tag/yellow/index.html]
[localhost/ecom_test/product/outdoor-lamp/index7962.html]
[localhost/ecom_test/product/outdoor-lamp/index939e.html]
[localhost/ecom_test/product/outdoor-lamp/index73e6.html]
[localhost/ecom_test/index3dc6.html]
[localhost/ecom_test/index0133.html]
[localhost/ecom_test/indexc902.html]
[localhost/ecom_test/wp-content/plugins/woocommerce/assets/css/select2519f.css]
[localhost/ecom_test/wp-content/themes/blocksy/static/bundle/share-box.min7485.css]
[localhost/ecom_test/wp-content/themes/blocksy/static/bundle/sidebar.min7485.css]
[localhost/ecom_test/product-category/shoes/index73e6.html]
[localhost/ecom_test/product-category/shoes/index5687.html]
[localhost/ecom_test/wp-content/plugins/woocommerce/assets/client/blocks/price-filteradac.css]
[localhost/ecom_test/wp-content/plugins/woocommerce/assets/client/blocks/rating-filteradac.css]
[localhost/ecom_test/wp-content/plugins/woocommerce/assets/client/blocks/packages-styleadac.css]
[localhost/ecom_test/wp-admin/admin-ajaxf809.html]
[localhost/ecom_test/product-tag/running/index5687.html]
[localhost/ecom_test/product-tag/shoes/index73e6.html]
[localhost/ecom_test/product-tag/shoes/index5687.html]
[localhost/ecom_test/product-category/sport-accessories/index939e.html]
[localhost/ecom_test/product-category/sport-accessories/index73e6.html]
[localhost/ecom_test/product-category/sport-accessories/index7962.html]
[localhost/ecom_test/indexa36b.html]
[localhost/ecom_test/product-tag/net/feed/index.html]
[localhost/ecom_test/wp-json/wp/v2/product_tag/21.json]
[localhost/ecom_test/product-tag/net/index.html]
[localhost/ecom_test/product/basketball-net/index939e.html]
[localhost/ecom_test/product/black-running-shoes/index5687.html]
[localhost/ecom_test/product/basketball-on-amazon/index939e.html]
[localhost/ecom_test/product/basketball-on-amazon/index73e6.html]
[localhost/ecom_test/product-category/book/index0a67.html]
[localhost/ecom_test/product-tag/life-quotes/index0a67.html]
[localhost/ecom_test/product-tag/motivation/index0a67.html]
[localhost/ecom_test/product-tag/basketball/index7962.html]
[localhost/ecom_test/product-tag/sports/index73e6.html]
[localhost/ecom_test/product-tag/orange/index7962.html]
[localhost/ecom_test/product-tag/net/index7962.html]
[localhost/ecom_test/product/basketball-net/index73e6.html]
